[2025-07-10 22:07:43] INFO in logging_config: Application started
[2025-07-10 22:07:43] INFO in wasyncore: Serving on http://127.0.0.1:5000
[2025-07-10 22:07:54] INFO in main: Characters found: [<Character 1>]
[2025-07-10 22:07:58] INFO in main: Character found: john dough
[2025-07-10 22:08:11] INFO in main: Character found: john dough
[2025-07-10 22:08:17] INFO in main: Character found: john dough
[2025-07-10 22:08:17] INFO in main: Resetting description...
[2025-07-10 22:08:17] INFO in main: Resetting trappings...
[2025-07-10 22:08:17] INFO in main: Character found: john dough
[2025-07-10 22:08:35] INFO in main: Character found: john dough
[2025-07-10 22:08:38] INFO in main: Character found: john dough
[2025-07-10 22:08:38] INFO in main: POST request received
[2025-07-10 22:08:38] INFO in main: --------------------------------------------------
[2025-07-10 22:08:38] INFO in main: /1/sheet-p2?
[2025-07-10 22:08:38] INFO in main: --------------------------------------------------
[2025-07-10 22:08:38] INFO in main: ImmutableMultiDict([('ws-init', '0'), ('bs-init', '0'), ('s-init', '0'), ('t-init', '0'), ('i-init', '0'), ('ag-init', '0'), ('dex-init', '0'), ('int-init', '0'), ('wp-init', '0'), ('fel-init', '0'), ('ws-adv', '0'), ('bs-adv', '0'), ('s-adv', '0'), ('t-adv', '0'), ('i-adv', '0'), ('ag-adv', '0'), ('dex-adv', '0'), ('int-adv', '0'), ('wp-adv', '0'), ('fel-adv', '0'), ('ws-bonus', '0'), ('bs-bonus', '0'), ('s-bonus', '0'), ('t-bonus', '0'), ('i-bonus', '0'), ('ag-bonus', '0'), ('dex-bonus', '0'), ('int-bonus', '0'), ('wp-bonus', '0'), ('fel-bonus', '0'), ('ws', '0'), ('bs', '0'), ('s', '0'), ('t', '0'), ('i', '0'), ('ag', '0'), ('dex', '0'), ('int', '0'), ('wp', '0'), ('fel', '0'), ('art-tag', '0'), ('art-adv', '0'), ('athletics-tag', '0'), ('athletics-adv', '0'), ('bribery-tag', '0'), ('bribery-adv', '0'), ('charm-tag', '0'), ('charm-adv', '0'), ('charm animal-tag', '0'), ('charm animal-adv', '0'), ('climb-tag', '0'), ('climb-adv', '0'), ('consume alcohol-tag', '0'), ('consume alcohol-adv', '0'), ('cool-tag', '0'), ('cool-adv', '0'), ('dodge-tag', '0'), ('dodge-adv', '0'), ('drive-tag', '0'), ('drive-adv', '0'), ('endurance-tag', '0'), ('endurance-adv', '0'), ('entertain-tag', '0'), ('entertain-adv', '0'), ('gamble-tag', '0'), ('gamble-adv', '0'), ('gossip-tag', '0'), ('gossip-adv', '0'), ('haggle-tag', '0'), ('haggle-adv', '0'), ('intimidate-tag', '0'), ('intimidate-adv', '0'), ('intuition-tag', '0'), ('intuition-adv', '0'), ('leadership-tag', '0'), ('leadership-adv', '0'), ('melee (basic)-tag', '0'), ('melee (basic)-adv', '0'), ('navigation-tag', '0'), ('navigation-adv', '0'), ('outdoor survival-tag', '0'), ('outdoor survival-adv', '0'), ('perception-tag', '0'), ('perception-adv', '0'), ('ride-tag', '0'), ('ride-adv', '0'), ('row-tag', '0'), ('row-adv', '0'), ('stealth-tag', '0'), ('stealth-adv', '0'), ('skills_tag_new', '0'), ('skills_name_new', ''), ('skills_attribute_new', ''), ('skills_advances_new', ''), ('talents_name_new', ''), ('talents_description_new', ''), ('talents_attribute_new', ''), ('talents_bonus_value_new', ''), ('talents_times_taken_new', '')])
[2025-07-10 22:08:38] INFO in main: saving basic skills:
[2025-07-10 22:08:38] INFO in main: saving attributes:
[2025-07-10 22:08:38] INFO in main: saving skills:
[2025-07-10 22:08:38] INFO in main: saving talents:
[2025-07-10 22:08:38] INFO in main: Character found: john dough
